{"nodes":{"storage":[{"variant":{"AndTerm":{"inputs_true":[{"i":2,"type_marker":null},{"i":3,"type_marker":null}],"inputs_comp":[],"output":{"i":4,"type_marker":null}}},"name":"$auto$coolrunner2_sop.cc:145:execute$55","location":null},{"variant":{"Xor":{"orterm_input":null,"andterm_input":{"i":4,"type_marker":null},"invert_out":false,"output":{"i":5,"type_marker":null}}},"name":"$auto$coolrunner2_sop.cc:156:execute$56","location":null},{"variant":{"InBuf":{"output":{"i":6,"type_marker":null},"schmitt_trigger":false,"termination_enabled":false,"uses_data_gate":false}},"name":"$auto$iopadmap.cc:385:execute$58","location":{"fb":1,"i":4}},{"variant":{"InBuf":{"output":{"i":7,"type_marker":null},"schmitt_trigger":false,"termination_enabled":false,"uses_data_gate":false}},"name":"$auto$iopadmap.cc:385:execute$60","location":{"fb":0,"i":0}},{"variant":{"InBuf":{"output":{"i":2,"type_marker":null},"schmitt_trigger":false,"termination_enabled":false,"uses_data_gate":false}},"name":"$auto$iopadmap.cc:385:execute$62","location":{"fb":0,"i":1}},{"variant":{"IOBuf":{"input":{"i":5,"type_marker":null},"oe":null,"output":null,"schmitt_trigger":false,"termination_enabled":false,"slew_is_fast":false,"uses_data_gate":false}},"name":"$auto$iopadmap.cc:385:execute$64","location":{"fb":0,"i":2}},{"variant":{"Reg":{"mode":"DFF","clkinv":false,"clkddr":false,"init_state":false,"set_input":{"i":1,"type_marker":null},"reset_input":{"i":1,"type_marker":null},"ce_input":null,"dt_input":{"i":7,"type_marker":null},"clk_input":{"i":8,"type_marker":null},"output":{"i":3,"type_marker":null}}},"name":"$auto$simplemap.cc:420:simplemap_dff$49","location":null},{"variant":{"BufgClk":{"input":{"i":6,"type_marker":null},"output":{"i":8,"type_marker":null}}},"name":"bufg0","location":null}]},"nets":{"storage":[{"name":"<internal virtual Vdd net>","source":null,"sinks":[]},{"name":"<internal virtual Vss net>","source":null,"sinks":[{"i":6,"type_marker":null},{"i":6,"type_marker":null}]},{"name":"$auto$iopadmap.cc:368:execute$61","source":{"i":4,"type_marker":null},"sinks":[{"i":0,"type_marker":null}]},{"name":"in0_","source":{"i":6,"type_marker":null},"sinks":[{"i":0,"type_marker":null}]},{"name":"$auto$coolrunner2_sop.cc:126:execute$54","source":{"i":0,"type_marker":null},"sinks":[{"i":1,"type_marker":null}]},{"name":"$auto$iopadmap.cc:368:execute$63","source":{"i":1,"type_marker":null},"sinks":[{"i":5,"type_marker":null}]},{"name":"$auto$iopadmap.cc:368:execute$57","source":{"i":2,"type_marker":null},"sinks":[{"i":7,"type_marker":null}]},{"name":"$auto$iopadmap.cc:368:execute$59","source":{"i":3,"type_marker":null},"sinks":[{"i":6,"type_marker":null}]},{"name":"clk","source":{"i":7,"type_marker":null},"sinks":[{"i":6,"type_marker":null}]}]},"vdd_net":{"i":0,"type_marker":null},"vss_net":{"i":1,"type_marker":null}}
