{
   "nodes":{
      "storage":[
         {
            "variant":{
               "AndTerm":{
                  "inputs_true":[

                  ],
                  "inputs_comp":[
                     {
                        "i":2,
                        "type_marker":null
                     },
                     {
                        "i":3,
                        "type_marker":null
                     }
                  ],
                  "output":{
                     "i":4,
                     "type_marker":null
                  }
               }
            },
            "name":"$auto$coolrunner2_sop.cc:145:execute$55",
            "location":null
         },
         {
            "variant":{
               "AndTerm":{
                  "inputs_true":[
                     {
                        "i":2,
                        "type_marker":null
                     },
                     {
                        "i":3,
                        "type_marker":null
                     }
                  ],
                  "inputs_comp":[

                  ],
                  "output":{
                     "i":5,
                     "type_marker":null
                  }
               }
            },
            "name":"$auto$coolrunner2_sop.cc:145:execute$57",
            "location":null
         },
         {
            "variant":{
               "OrTerm":{
                  "inputs":[
                     {
                        "i":5,
                        "type_marker":null
                     },
                     {
                        "i":4,
                        "type_marker":null
                     }
                  ],
                  "output":{
                     "i":6,
                     "type_marker":null
                  }
               }
            },
            "name":"$auto$coolrunner2_sop.cc:219:execute$59",
            "location":null
         },
         {
            "variant":{
               "Xor":{
                  "orterm_input":{
                     "i":6,
                     "type_marker":null
                  },
                  "andterm_input":null,
                  "invert_out":true,
                  "output":{
                     "i":7,
                     "type_marker":null
                  }
               }
            },
            "name":"$auto$coolrunner2_sop.cc:225:execute$60",
            "location":null
         },
         {
            "variant":{
               "InBuf":{
                  "output":{
                     "i":3,
                     "type_marker":null
                  },
                  "schmitt_trigger":false,
                  "termination_enabled":false,
                  "uses_data_gate":false
               }
            },
            "name":"$auto$iopadmap.cc:330:execute$62",
            "location":null
         },
         {
            "variant":{
               "InBuf":{
                  "output":{
                     "i":2,
                     "type_marker":null
                  },
                  "schmitt_trigger":false,
                  "termination_enabled":false,
                  "uses_data_gate":false
               }
            },
            "name":"$auto$iopadmap.cc:330:execute$64",
            "location":null
         },
         {
            "variant":{
               "InBuf":{
                  "output":{
                     "i":8,
                     "type_marker":null
                  },
                  "schmitt_trigger":false,
                  "termination_enabled":false,
                  "uses_data_gate":false
               }
            },
            "name":"$auto$iopadmap.cc:330:execute$66",
            "location":null
         },
         {
            "variant":{
               "IOBuf":{
                  "input":{
                     "i":9,
                     "type_marker":null
                  },
                  "oe":null,
                  "output":null,
                  "schmitt_trigger":false,
                  "termination_enabled":false,
                  "slew_is_fast":false,
                  "uses_data_gate":false
               }
            },
            "name":"$auto$iopadmap.cc:330:execute$68",
            "location":{
               "fb":0,
               "i":7
            }
         },
         {
            "variant":{
               "Reg":{
                  "mode":"DFF",
                  "clkinv":false,
                  "clkddr":false,
                  "init_state":false,
                  "set_input":{
                     "i":1,
                     "type_marker":null
                  },
                  "reset_input":{
                     "i":1,
                     "type_marker":null
                  },
                  "ce_input":null,
                  "dt_input":{
                     "i":7,
                     "type_marker":null
                  },
                  "clk_input":{
                     "i":10,
                     "type_marker":null
                  },
                  "output":{
                     "i":9,
                     "type_marker":null
                  }
               }
            },
            "name":"$auto$simplemap.cc:420:simplemap_dff$49",
            "location":null
         },
         {
            "variant":{
               "BufgClk":{
                  "input":{
                     "i":8,
                     "type_marker":null
                  },
                  "output":{
                     "i":10,
                     "type_marker":null
                  }
               }
            },
            "name":"bufg0",
            "location":null
         }
      ]
   },
   "nets":{
      "storage":[
         {
            "name":"<internal virtual Vdd net>",
            "source":null,
            "sinks":[

            ]
         },
         {
            "name":"<internal virtual Vss net>",
            "source":null,
            "sinks":[
               {
                  "i":8,
                  "type_marker":null
               },
               {
                  "i":8,
                  "type_marker":null
               }
            ]
         },
         {
            "name":"$auto$iopadmap.cc:313:execute$63",
            "source":{
               "i":5,
               "type_marker":null
            },
            "sinks":[
               {
                  "i":0,
                  "type_marker":null
               },
               {
                  "i":1,
                  "type_marker":null
               }
            ]
         },
         {
            "name":"$auto$iopadmap.cc:313:execute$61",
            "source":{
               "i":4,
               "type_marker":null
            },
            "sinks":[
               {
                  "i":0,
                  "type_marker":null
               },
               {
                  "i":1,
                  "type_marker":null
               }
            ]
         },
         {
            "name":"$auto$coolrunner2_sop.cc:126:execute$54",
            "source":{
               "i":0,
               "type_marker":null
            },
            "sinks":[
               {
                  "i":2,
                  "type_marker":null
               }
            ]
         },
         {
            "name":"$auto$coolrunner2_sop.cc:126:execute$56",
            "source":{
               "i":1,
               "type_marker":null
            },
            "sinks":[
               {
                  "i":2,
                  "type_marker":null
               }
            ]
         },
         {
            "name":"$auto$coolrunner2_sop.cc:216:execute$58",
            "source":{
               "i":2,
               "type_marker":null
            },
            "sinks":[
               {
                  "i":3,
                  "type_marker":null
               }
            ]
         },
         {
            "name":"$0\\q1[0:0]",
            "source":{
               "i":3,
               "type_marker":null
            },
            "sinks":[
               {
                  "i":8,
                  "type_marker":null
               }
            ]
         },
         {
            "name":"$auto$iopadmap.cc:313:execute$65",
            "source":{
               "i":6,
               "type_marker":null
            },
            "sinks":[
               {
                  "i":9,
                  "type_marker":null
               }
            ]
         },
         {
            "name":"$auto$iopadmap.cc:313:execute$67",
            "source":{
               "i":8,
               "type_marker":null
            },
            "sinks":[
               {
                  "i":7,
                  "type_marker":null
               }
            ]
         },
         {
            "name":"clk",
            "source":{
               "i":9,
               "type_marker":null
            },
            "sinks":[
               {
                  "i":8,
                  "type_marker":null
               }
            ]
         }
      ]
   },
   "vdd_net":{
      "i":0,
      "type_marker":null
   },
   "vss_net":{
      "i":1,
      "type_marker":null
   }
}
