{"mcs":{"storage":[{"name":"$auto$coolrunner2_sop.cc:156:execute$56_$auto$iopadmap.cc:385:execute$64","requested_loc":{"fb":0,"i":2},"io_bits":{"input":"Xor","oe":null,"schmitt_trigger":false,"termination_enabled":false,"slew_is_fast":false,"uses_data_gate":false},"reg_bits":null,"xor_bits":{"orterm_inputs":[],"andterm_input":{"i":0,"type_marker":null},"invert_out":false},"io_feedback_used":false,"reg_feedback_used":false,"xor_feedback_used":false},{"name":"$auto$simplemap.cc:420:simplemap_dff$49_$auto$iopadmap.cc:385:execute$60","requested_loc":{"fb":0,"i":0},"io_bits":{"input":null,"oe":null,"schmitt_trigger":false,"termination_enabled":false,"slew_is_fast":true,"uses_data_gate":false},"reg_bits":{"mode":"DFF","clkinv":false,"clkddr":false,"init_state":false,"set_input":null,"reset_input":null,"ce_input":null,"dt_input":"Pin","clk_input":{"GCK":{"i":0,"type_marker":null}}},"xor_bits":null,"io_feedback_used":false,"reg_feedback_used":true,"xor_feedback_used":false},{"name":"$auto$iopadmap.cc:385:execute$58","requested_loc":{"fb":1,"i":4},"io_bits":{"input":null,"oe":null,"schmitt_trigger":false,"termination_enabled":false,"slew_is_fast":true,"uses_data_gate":false},"reg_bits":null,"xor_bits":null,"io_feedback_used":false,"reg_feedback_used":false,"xor_feedback_used":false},{"name":"$auto$iopadmap.cc:385:execute$62","requested_loc":{"fb":0,"i":1},"io_bits":{"input":null,"oe":null,"schmitt_trigger":false,"termination_enabled":false,"slew_is_fast":true,"uses_data_gate":false},"reg_bits":null,"xor_bits":null,"io_feedback_used":true,"reg_feedback_used":false,"xor_feedback_used":false}]},"pterms":{"storage":[{"name":"$auto$coolrunner2_sop.cc:145:execute$55","requested_loc":null,"inputs_true":[["Pin",{"i":3,"type_marker":null}],["Reg",{"i":1,"type_marker":null}]],"inputs_comp":[]}]},"bufg_clks":{"storage":[{"name":"bufg0","requested_loc":null,"input":{"i":2,"type_marker":null}}]},"bufg_gts":{"storage":[]},"bufg_gsr":{"storage":[]}}
